================================================================================
DeepSeek OCR 解析功能测试
================================================================================

【测试 1】解析文本块
--------------------------------------------------------------------------------
解析出 0 个文本块


【测试 2】清理文本
--------------------------------------------------------------------------------
<|ref|>text<|/ref|><|det|>[[36, 25, 912, 185]]<|/det|>
42.(10分)现有 \(n(n>100000)\) 个数保存在一维数组M中,需要查找M中最小的10个数。请回答下列问题。
<|ref|>text<|/ref|><|det|>[[67, 194, 914, 345]]<|/det|>
（1）设计一个完成上述查找任务的算法，要求平均情况下的比较次数尽可能少，简述其算法思想（不需要程序实现）。
<|ref|>text<|/ref|><|det|>[[68, 361, 680, 420]]<|/det|>
（2）说明你所设计的算法平均情况下的时间复杂度 和空间复杂度。
<|ref|>text<|/ref|><|det|>[[34, 680, 928, 997]]<|/det|>
43.(15分）某CPU中部分数据通路如图所示，其中，GPRs为通用寄存器组；FR为标志寄存器，用于存放ALU产生的标志信息；带箭头虚线表示控制信号，如控制信号Read，Write分别表示主存读、主存写，MDRin 表示内部总线上数据写入MDR，MDRout表示MDR的内容送内部总线。
--------------------------------------------------------------------------------


【测试 3】验证结果
--------------------------------------------------------------------------------
❌ 文本块数量错误: 期望 4, 实际 0
❌ 文本标记未清理

================================================================================
测试完成！结果已保存到 test_output.txt
================================================================================
